------------------------------------------------------------
Timing Analyzer Summary
------------------------------------------------------------

Type  : Slow 1100mV 85C Model Setup 'clk'
Slack : -3.423
TNS   : -3.423

Type  : Slow 1100mV 85C Model Setup 'pll:vgapll|toggle'
Slack : -2.840
TNS   : -66.934

Type  : Slow 1100mV 85C Model Hold 'pll:vgapll|toggle'
Slack : 0.681
TNS   : 0.000

Type  : Slow 1100mV 85C Model Hold 'clk'
Slack : 1.126
TNS   : 0.000

Type  : Slow 1100mV 85C Model Minimum Pulse Width 'clk'
Slack : -0.774
TNS   : -1.305

Type  : Slow 1100mV 85C Model Minimum Pulse Width 'pll:vgapll|toggle'
Slack : -0.394
TNS   : -13.355

Type  : Slow 1100mV 0C Model Setup 'clk'
Slack : -3.340
TNS   : -3.340

Type  : Slow 1100mV 0C Model Setup 'pll:vgapll|toggle'
Slack : -2.858
TNS   : -67.803

Type  : Slow 1100mV 0C Model Hold 'pll:vgapll|toggle'
Slack : 0.667
TNS   : 0.000

Type  : Slow 1100mV 0C Model Hold 'clk'
Slack : 1.149
TNS   : 0.000

Type  : Slow 1100mV 0C Model Minimum Pulse Width 'clk'
Slack : -0.781
TNS   : -1.352

Type  : Slow 1100mV 0C Model Minimum Pulse Width 'pll:vgapll|toggle'
Slack : -0.394
TNS   : -12.948

Type  : Fast 1100mV 85C Model Setup 'clk'
Slack : -2.802
TNS   : -2.802

Type  : Fast 1100mV 85C Model Setup 'pll:vgapll|toggle'
Slack : -1.231
TNS   : -29.211

Type  : Fast 1100mV 85C Model Hold 'pll:vgapll|toggle'
Slack : 0.353
TNS   : 0.000

Type  : Fast 1100mV 85C Model Hold 'clk'
Slack : 1.282
TNS   : 0.000

Type  : Fast 1100mV 85C Model Minimum Pulse Width 'clk'
Slack : -0.675
TNS   : -0.999

Type  : Fast 1100mV 85C Model Minimum Pulse Width 'pll:vgapll|toggle'
Slack : 0.030
TNS   : 0.000

Type  : Fast 1100mV 0C Model Setup 'clk'
Slack : -2.412
TNS   : -2.412

Type  : Fast 1100mV 0C Model Setup 'pll:vgapll|toggle'
Slack : -1.105
TNS   : -26.143

Type  : Fast 1100mV 0C Model Hold 'pll:vgapll|toggle'
Slack : 0.320
TNS   : 0.000

Type  : Fast 1100mV 0C Model Hold 'clk'
Slack : 1.050
TNS   : 0.000

Type  : Fast 1100mV 0C Model Minimum Pulse Width 'clk'
Slack : -0.667
TNS   : -0.993

Type  : Fast 1100mV 0C Model Minimum Pulse Width 'pll:vgapll|toggle'
Slack : 0.063
TNS   : 0.000

------------------------------------------------------------
